{"strategy": "random_bg", "train_samples": 116, "test_samples": 20, "n_positive": 68, "n_negative": 68, "device": "cpu"}
epoch 1/30  loss=0.6901
epoch 5/30  loss=0.6768
epoch 10/30  loss=0.4116
epoch 15/30  loss=0.1665
epoch 20/30  loss=0.0643
epoch 25/30  loss=0.0276
epoch 30/30  loss=0.0178
{
  "report": {
    "fixed": {
      "threshold": 0.5,
      "accuracy": 0.550000011920929,
      "precision": 0.7142857142856123,
      "recall": 0.41666666666663194,
      "f1": 0.5263157894731634,
      "tp": 5.0,
      "fp": 2.0,
      "fn": 7.0,
      "tn": 6.0
    },
    "best_f1": {
      "threshold": 0.1,
      "accuracy": 0.550000011920929,
      "precision": 0.5882352941176126,
      "recall": 0.8333333333332639,
      "f1": 0.6896551724132605,
      "tp": 10.0,
      "fp": 7.0,
      "fn": 2.0,
      "tn": 1.0
    },
    "best_recall": {
      "threshold": 0.1,
      "accuracy": 0.550000011920929,
      "precision": 0.5882352941176126,
      "recall": 0.8333333333332639,
      "f1": 0.6896551724132605,
      "tp": 10.0,
      "fp": 7.0,
      "fn": 2.0,
      "tn": 1.0
    }
  }
}
saved -> data\region_embeddings\GSE272159_37C_rep1.mapq_30.10_top40_opcid_cnn_independent.pt
