{"strategy": "annotated", "train_samples": 284, "test_samples": 50, "n_positive": 68, "n_negative": 266, "device": "cpu"}
epoch 1/30  loss=0.5437
epoch 5/30  loss=0.4873
epoch 10/30  loss=0.4549
epoch 15/30  loss=0.0675
epoch 20/30  loss=0.0124
epoch 25/30  loss=0.0076
epoch 30/30  loss=0.0043
{
  "report": {
    "fixed": {
      "threshold": 0.5,
      "accuracy": 0.7400000095367432,
      "precision": 0.59999999999988,
      "recall": 0.21428571428569898,
      "f1": 0.3157894736837895,
      "tp": 3.0,
      "fp": 2.0,
      "fn": 11.0,
      "tn": 34.0
    },
    "best_f1": {
      "threshold": 0.15,
      "accuracy": 0.7400000095367432,
      "precision": 0.5294117647058513,
      "recall": 0.6428571428570969,
      "f1": 0.5806451612897898,
      "tp": 9.0,
      "fp": 8.0,
      "fn": 5.0,
      "tn": 28.0
    },
    "best_recall": {
      "threshold": 0.1,
      "accuracy": 0.7200000286102295,
      "precision": 0.49999999999997224,
      "recall": 0.6428571428570969,
      "f1": 0.5624999999994728,
      "tp": 9.0,
      "fp": 9.0,
      "fn": 5.0,
      "tn": 27.0
    }
  }
}
saved -> data\region_embeddings\GSE272159_37C_rep1.mapq_30.10_top40_opcid_cnn_independent.pt
