{"strategy": "annotated", "train_samples": 116, "test_samples": 20, "n_positive": 68, "n_negative": 68, "device": "cpu"}
epoch 1/30  loss=0.6907
epoch 5/30  loss=0.6785
epoch 10/30  loss=0.4374
epoch 15/30  loss=0.1722
epoch 20/30  loss=0.0669
epoch 25/30  loss=0.0288
epoch 30/30  loss=0.0177
{
  "report": {
    "fixed": {
      "threshold": 0.5,
      "accuracy": 0.44999998807907104,
      "precision": 0.5714285714284898,
      "recall": 0.33333333333330556,
      "f1": 0.42105263157843764,
      "tp": 4.0,
      "fp": 3.0,
      "fn": 8.0,
      "tn": 5.0
    },
    "best_f1": {
      "threshold": 0.1,
      "accuracy": 0.800000011920929,
      "precision": 0.7857142857142296,
      "recall": 0.9166666666665902,
      "f1": 0.846153846153284,
      "tp": 11.0,
      "fp": 3.0,
      "fn": 1.0,
      "tn": 5.0
    },
    "best_recall": {
      "threshold": 0.1,
      "accuracy": 0.800000011920929,
      "precision": 0.7857142857142296,
      "recall": 0.9166666666665902,
      "f1": 0.846153846153284,
      "tp": 11.0,
      "fp": 3.0,
      "fn": 1.0,
      "tn": 5.0
    }
  }
}
saved -> data\region_embeddings\GSE272159_37C_rep1.mapq_30.10_top40_opcid_cnn_independent.pt
